// Jest Snapshot v1, https://goo.gl/fbAQLP

exports[`createPrefixLogAnsi test base test 1`] = `
[
  "[48;2;225;18;200mObject.createPrefixLogBaseTest[0m:: ttt",
]
`;

exports[`createPrefixLogAnsi test object params test 1`] = `
[
  "[48;2;225;18;200mObject.createPrefixLogBaseTest[0m::",
  {
    "a": "test",
  },
]
`;

exports[`overWriteLog test base test 1`] = `
[
  "[48;2;222;222;200mObject.overWriteLogTest[0m:: test",
]
`;

exports[`patchLog test base test 1`] = `
[
  "[48;2;192;200;171mObject.patchLogTest[0m:: test",
]
`;
